1	THIS IS LINE 1
2	THIS IS LINE 2
3	THIS IS LINE 34	THIS IS LINE 4